// Jest Snapshot v1, https://goo.gl/fbAQLP

exports[`Test from Button component Button snapshot test 1`] = `
<View
  accessibilityState={
    Object {
      "disabled": true,
    }
  }
  accessible={true}
  collapsable={false}
  focusable={true}
  onClick={[Function]}
  onResponderGrant={[Function]}
  onResponderMove={[Function]}
  onResponderRelease={[Function]}
  onResponderTerminate={[Function]}
  onResponderTerminationRequest={[Function]}
  onStartShouldSetResponder={[Function]}
  style={
    Object {
      "backgroundColor": "#B09AAC",
      "opacity": 1,
    }
  }
>
  <Text />
</View>
`;
