// Jest Snapshot v1, https://goo.gl/fbAQLP

exports[`Test from DataNotFound component DataNotFound snapshot test 1`] = `
<View
  style={
    Object {
      "justifyContent": "center",
      "marginTop": 100,
    }
  }
>
  <Text
    style={
      Object {
        "alignSelf": "center",
        "fontSize": 20,
        "fontWeight": "bold",
        "marginTop": 20,
      }
    }
  />
  <Image
    source={
      Object {
        "uri": "https://res.cloudinary.com/dzdgpwtox/image/upload/w_600,c_scale/v1622293248/designer-tool-uploads/bucket_4052/1622293241335.png",
      }
    }
    style={
      Object {
        "alignSelf": "center",
        "height": 180,
        "marginTop": 20,
        "width": 180,
      }
    }
  />
  <Text
    style={
      Object {
        "fontSize": 18,
        "marginTop": 20,
        "textAlign": "center",
      }
    }
  />
</View>
`;
